16:34:07 07/21/18:global name 'interface_monitor' is not defined
